// Jest Snapshot v1, https://goo.gl/fbAQLP

exports[`check custom inspect 1`] = `
"IJS {
  width: 1
  height: 2
  depth: 8
  colorModel: RGB
  channels: 3
  data: {
    [[  0]
     [  0]]

    [[  0]
     [  0]]

    [[  0]
     [  0]]
  }
}"
`;
